com\mycompany\sudoku\sudoku__$6.class
com\mycompany\sudoku\sudoku__$67.class
com\mycompany\sudoku\sudoku__$77.class
com\mycompany\sudoku\sudoku__$14.class
com\mycompany\sudoku\sudoku__$37.class
com\mycompany\sudoku\sudoku__$17.class
com\mycompany\sudoku\sudoku__$57.class
com\mycompany\sudoku\sudoku__$87.class
com\mycompany\sudoku\sudoku__.class
com\mycompany\sudoku\sudoku__$27.class
com\mycompany\sudoku\sudoku__$47.class
com\mycompany\sudoku\sudoku__$9.class
com\mycompany\sudoku\sudoku__$93.class
com\mycompany\sudoku\sudoku__$10.class
com\mycompany\sudoku\sudoku__$20.class
com\mycompany\sudoku\sudoku__$83.class
com\mycompany\sudoku\sudoku__$73.class
com\mycompany\sudoku\sudoku__$50.class
com\mycompany\sudoku\sudoku__$30.class
com\mycompany\sudoku\sudoku__$70.class
com\mycompany\sudoku\sudoku__$40.class
com\mycompany\sudoku\sudoku__$60.class
com\mycompany\sudoku\sudoku__$80.class
com\mycompany\sudoku\sudoku__$90.class
com\mycompany\sudoku\sudoku__$86.class
com\mycompany\sudoku\sudoku__$23.class
com\mycompany\sudoku\sudoku__$51.class
com\mycompany\sudoku\sudoku__$58.class
com\mycompany\sudoku\sudoku__$71.class
com\mycompany\sudoku\sudoku__$78.class
com\mycompany\sudoku\sudoku__$91.class
com\mycompany\sudoku\sudoku__$18.class
com\mycompany\sudoku\sudoku__$38.class
com\mycompany\sudoku\sudoku__$63.class
com\mycompany\sudoku\sudoku__$66.class
com\mycompany\sudoku\sudoku__$7.class
com\mycompany\sudoku\sudoku__$43.class
com\mycompany\sudoku\sudoku__$3.class
com\mycompany\sudoku\sudoku__$26.class
com\mycompany\sudoku\sudoku__$54.class
com\mycompany\sudoku\sudoku__$74.class
com\mycompany\sudoku\sudoku__$11.class
com\mycompany\sudoku\sudoku__$46.class
com\mycompany\sudoku\sudoku__$31.class
com\mycompany\sudoku\sudoku__$94.class
com\mycompany\sudoku\sudoku__$34.class
com\mycompany\sudoku\sudoku__$89.class
com\mycompany\sudoku\sudoku__$29.class
com\mycompany\sudoku\sudoku__$49.class
com\mycompany\sudoku\sudoku__$69.class
com\mycompany\sudoku\sudoku__$42.class
com\mycompany\sudoku\sudoku__$32.class
com\mycompany\sudoku\sudoku__$52.class
com\mycompany\sudoku\sudoku__$72.class
com\mycompany\sudoku\sudoku__$82.class
com\mycompany\sudoku\sudoku__$12.class
com\mycompany\sudoku\sudoku__$8.class
com\mycompany\sudoku\sudoku__$22.class
com\mycompany\sudoku\sudoku__$62.class
com\mycompany\sudoku\sudoku__$92.class
com\mycompany\sudoku\sudoku__$45.class
com\mycompany\sudoku\sudoku__$35.class
com\mycompany\sudoku\sudoku__$55.class
com\mycompany\sudoku\sudoku__$4.class
com\mycompany\sudoku\sudoku__$88.class
com\mycompany\sudoku\sudoku__$15.class
com\mycompany\sudoku\sudoku__$75.class
com\mycompany\sudoku\sudoku__$85.class
com\mycompany\sudoku\sudoku__$95.class
com\mycompany\sudoku\sudoku__$25.class
com\mycompany\sudoku\sudoku__$65.class
com\mycompany\sudoku\sudoku__$1.class
com\mycompany\sudoku\sudoku__$48.class
com\mycompany\sudoku\sudoku__$61.class
com\mycompany\sudoku\sudoku__$13.class
com\mycompany\sudoku\sudoku__$33.class
com\mycompany\sudoku\sudoku__$68.class
com\mycompany\sudoku\sudoku__$76.class
com\mycompany\sudoku\sudoku__$81.class
com\mycompany\sudoku\sudoku__$41.class
com\mycompany\sudoku\sudoku__$28.class
com\mycompany\sudoku\sudoku__$53.class
com\mycompany\sudoku\sudoku__$56.class
com\mycompany\sudoku\sudoku__$16.class
com\mycompany\sudoku\sudoku__$64.class
com\mycompany\sudoku\sudoku__$84.class
com\mycompany\sudoku\sudoku__$2.class
com\mycompany\sudoku\sudoku__$36.class
com\mycompany\sudoku\sudoku__$21.class
com\mycompany\sudoku\sudoku__$24.class
com\mycompany\sudoku\sudoku__$44.class
com\mycompany\sudoku\sudoku__$5.class
com\mycompany\sudoku\sudoku__$19.class
com\mycompany\sudoku\sudoku__$39.class
com\mycompany\sudoku\sudoku__$59.class
com\mycompany\sudoku\sudoku__$79.class
